
> react-kavia@0.1.0 start
> cross-env EDIT_MODE=true webpack serve --config .ve/webpack.config.js --mode development

<i> [webpack-dev-server] Project is running at:
<i> [webpack-dev-server] Loopback: http://localhost:3000/, http://[::1]:3000/
<i> [webpack-dev-server] On Your Network (IPv4): http://172.17.0.2:3000/
<i> [webpack-dev-server] Content not from webpack is served from './public' directory
Injecting EditorRootWrapper import: ../.ve/EditorRootWrapper
asset bundle.js 1.43 MiB [emitted] (name: main)
asset index.html 1.92 KiB [emitted]
runtime modules 27.5 KiB 14 modules
cacheable modules 1.28 MiB
  modules by path ./node_modules/ 1.24 MiB 31 modules
  modules by path ./src/ 26.7 KiB
    modules by path ./src/*.css 17.4 KiB 8 modules
    modules by path ./src/*.js 2.22 KiB 2 modules
    modules by path ./src/*.jsx 6.99 KiB 2 modules
  modules by path ./.ve/ 15.1 KiB
    modules by path ./.ve/*.js 10.6 KiB 2 modules
    modules by path ./.ve/*.css 2.93 KiB 2 modules
    ./.ve/EditorOverlay.jsx 1.58 KiB [built] [code generated]
webpack 5.99.9 compiled successfully in 1297 ms
assets by status 1.92 KiB [cached] 1 asset
assets by path *.js 1.43 MiB
  asset bundle.js 1.43 MiB [emitted] (name: main)
  asset main.45d85ee50d334da23778.hot-update.js 4.84 KiB [emitted] [immutable] [hmr] (name: main)
asset main.45d85ee50d334da23778.hot-update.json 28 bytes [emitted] [immutable] [hmr]
Entrypoint main 1.43 MiB = bundle.js 1.43 MiB main.45d85ee50d334da23778.hot-update.js 4.84 KiB
cached modules 1.28 MiB [cached] 47 modules
runtime modules 27.5 KiB 14 modules
./node_modules/css-loader/dist/cjs.js!./src/App.css 2.37 KiB [built] [code generated]
webpack 5.99.9 compiled successfully in 66 ms
